nohup: ignoring input
TensorBoard logging enabled: outputs/simclr_stl10_seed42/tensorboard
================================================================================
SimCLR pretraining on STL10 unlabeled
device=cuda, epochs=200, batch_size=256, lr=0.300000
================================================================================
[Epoch 001] loss=4.93034 time=61.6s
  -> best loss updated. backbone saved: outputs/simclr_stl10_seed42/backbone_best.pt
[Epoch 002] loss=3.64904 time=58.9s
  -> best loss updated. backbone saved: outputs/simclr_stl10_seed42/backbone_best.pt
[Epoch 003] loss=3.30691 time=59.0s
  -> best loss updated. backbone saved: outputs/simclr_stl10_seed42/backbone_best.pt
[Epoch 004] loss=3.11632 time=58.8s
  -> best loss updated. backbone saved: outputs/simclr_stl10_seed42/backbone_best.pt
[Epoch 005] loss=3.01203 time=59.2s
  -> best loss updated. backbone saved: outputs/simclr_stl10_seed42/backbone_best.pt
[Epoch 006] loss=2.93948 time=58.5s
  -> best loss updated. backbone saved: outputs/simclr_stl10_seed42/backbone_best.pt
[Epoch 007] loss=2.87923 time=59.6s
  -> best loss updated. backbone saved: outputs/simclr_stl10_seed42/backbone_best.pt
[Epoch 008] loss=2.83985 time=58.4s
  -> best loss updated. backbone saved: outputs/simclr_stl10_seed42/backbone_best.pt
[Epoch 009] loss=2.80873 time=58.8s
  -> best loss updated. backbone saved: outputs/simclr_stl10_seed42/backbone_best.pt
[Epoch 010] loss=2.78471 time=59.5s
  -> best loss updated. backbone saved: outputs/simclr_stl10_seed42/backbone_best.pt
[Epoch 011] loss=2.75577 time=59.2s
  -> best loss updated. backbone saved: outputs/simclr_stl10_seed42/backbone_best.pt
[Epoch 012] loss=2.72356 time=58.6s
  -> best loss updated. backbone saved: outputs/simclr_stl10_seed42/backbone_best.pt
[Epoch 013] loss=2.69639 time=58.8s
  -> best loss updated. backbone saved: outputs/simclr_stl10_seed42/backbone_best.pt
[Epoch 014] loss=2.67868 time=59.0s
  -> best loss updated. backbone saved: outputs/simclr_stl10_seed42/backbone_best.pt
[Epoch 015] loss=2.65730 time=59.0s
  -> best loss updated. backbone saved: outputs/simclr_stl10_seed42/backbone_best.pt
[Epoch 016] loss=2.64597 time=59.0s
  -> best loss updated. backbone saved: outputs/simclr_stl10_seed42/backbone_best.pt
[Epoch 017] loss=2.63623 time=58.8s
  -> best loss updated. backbone saved: outputs/simclr_stl10_seed42/backbone_best.pt
[Epoch 018] loss=2.62661 time=58.9s
  -> best loss updated. backbone saved: outputs/simclr_stl10_seed42/backbone_best.pt
[Epoch 019] loss=2.61376 time=58.9s
  -> best loss updated. backbone saved: outputs/simclr_stl10_seed42/backbone_best.pt
[Epoch 020] loss=2.60550 time=58.8s
  -> best loss updated. backbone saved: outputs/simclr_stl10_seed42/backbone_best.pt
[Epoch 021] loss=2.59339 time=59.1s
  -> best loss updated. backbone saved: outputs/simclr_stl10_seed42/backbone_best.pt
[Epoch 022] loss=2.58498 time=58.9s
  -> best loss updated. backbone saved: outputs/simclr_stl10_seed42/backbone_best.pt
[Epoch 023] loss=2.57740 time=59.2s
  -> best loss updated. backbone saved: outputs/simclr_stl10_seed42/backbone_best.pt
[Epoch 024] loss=2.57163 time=59.1s
  -> best loss updated. backbone saved: outputs/simclr_stl10_seed42/backbone_best.pt
[Epoch 025] loss=2.56823 time=58.7s
  -> best loss updated. backbone saved: outputs/simclr_stl10_seed42/backbone_best.pt
  -> periodic backbone save: outputs/simclr_stl10_seed42/backbone_epoch_0025.pt
  -> eval @ epoch 025: knn_top1=70.78% linear_top1=71.71% (5.7s)
[Epoch 026] loss=2.55532 time=59.2s
  -> best loss updated. backbone saved: outputs/simclr_stl10_seed42/backbone_best.pt
[Epoch 027] loss=2.54712 time=58.9s
  -> best loss updated. backbone saved: outputs/simclr_stl10_seed42/backbone_best.pt
[Epoch 028] loss=2.54303 time=59.0s
  -> best loss updated. backbone saved: outputs/simclr_stl10_seed42/backbone_best.pt
[Epoch 029] loss=2.53652 time=59.1s
  -> best loss updated. backbone saved: outputs/simclr_stl10_seed42/backbone_best.pt
[Epoch 030] loss=2.53216 time=59.1s
  -> best loss updated. backbone saved: outputs/simclr_stl10_seed42/backbone_best.pt
[Epoch 031] loss=2.51985 time=58.8s
  -> best loss updated. backbone saved: outputs/simclr_stl10_seed42/backbone_best.pt
[Epoch 032] loss=2.51859 time=58.8s
  -> best loss updated. backbone saved: outputs/simclr_stl10_seed42/backbone_best.pt
[Epoch 033] loss=2.51191 time=59.6s
  -> best loss updated. backbone saved: outputs/simclr_stl10_seed42/backbone_best.pt
[Epoch 034] loss=2.50338 time=58.8s
  -> best loss updated. backbone saved: outputs/simclr_stl10_seed42/backbone_best.pt
[Epoch 035] loss=2.49982 time=59.3s
  -> best loss updated. backbone saved: outputs/simclr_stl10_seed42/backbone_best.pt
[Epoch 036] loss=2.49229 time=58.6s
  -> best loss updated. backbone saved: outputs/simclr_stl10_seed42/backbone_best.pt
[Epoch 037] loss=2.49720 time=59.0s
[Epoch 038] loss=2.48633 time=59.1s
  -> best loss updated. backbone saved: outputs/simclr_stl10_seed42/backbone_best.pt
[Epoch 039] loss=2.48523 time=58.8s
  -> best loss updated. backbone saved: outputs/simclr_stl10_seed42/backbone_best.pt
[Epoch 040] loss=2.47609 time=59.0s
  -> best loss updated. backbone saved: outputs/simclr_stl10_seed42/backbone_best.pt
[Epoch 041] loss=2.47737 time=59.1s
[Epoch 042] loss=2.46672 time=58.8s
  -> best loss updated. backbone saved: outputs/simclr_stl10_seed42/backbone_best.pt
[Epoch 043] loss=2.46626 time=58.7s
  -> best loss updated. backbone saved: outputs/simclr_stl10_seed42/backbone_best.pt
[Epoch 044] loss=2.45976 time=58.8s
  -> best loss updated. backbone saved: outputs/simclr_stl10_seed42/backbone_best.pt
[Epoch 045] loss=2.46459 time=58.9s
[Epoch 046] loss=2.45759 time=58.9s
  -> best loss updated. backbone saved: outputs/simclr_stl10_seed42/backbone_best.pt
[Epoch 047] loss=2.45583 time=59.1s
  -> best loss updated. backbone saved: outputs/simclr_stl10_seed42/backbone_best.pt
[Epoch 048] loss=2.45002 time=59.0s
  -> best loss updated. backbone saved: outputs/simclr_stl10_seed42/backbone_best.pt
[Epoch 049] loss=2.44494 time=58.9s
  -> best loss updated. backbone saved: outputs/simclr_stl10_seed42/backbone_best.pt
[Epoch 050] loss=2.44007 time=59.1s
  -> best loss updated. backbone saved: outputs/simclr_stl10_seed42/backbone_best.pt
  -> periodic backbone save: outputs/simclr_stl10_seed42/backbone_epoch_0050.pt
  -> eval @ epoch 050: knn_top1=74.88% linear_top1=75.44% (4.7s)
[Epoch 051] loss=2.43785 time=59.5s
  -> best loss updated. backbone saved: outputs/simclr_stl10_seed42/backbone_best.pt
[Epoch 052] loss=2.44016 time=58.8s
[Epoch 053] loss=2.43204 time=58.9s
  -> best loss updated. backbone saved: outputs/simclr_stl10_seed42/backbone_best.pt
[Epoch 054] loss=2.42636 time=58.6s
  -> best loss updated. backbone saved: outputs/simclr_stl10_seed42/backbone_best.pt
[Epoch 055] loss=2.43041 time=59.1s
[Epoch 056] loss=2.42242 time=59.4s
  -> best loss updated. backbone saved: outputs/simclr_stl10_seed42/backbone_best.pt
[Epoch 057] loss=2.42038 time=59.3s
  -> best loss updated. backbone saved: outputs/simclr_stl10_seed42/backbone_best.pt
[Epoch 058] loss=2.41851 time=58.9s
  -> best loss updated. backbone saved: outputs/simclr_stl10_seed42/backbone_best.pt
[Epoch 059] loss=2.41248 time=59.1s
  -> best loss updated. backbone saved: outputs/simclr_stl10_seed42/backbone_best.pt
[Epoch 060] loss=2.41997 time=58.8s
[Epoch 061] loss=2.41028 time=59.4s
  -> best loss updated. backbone saved: outputs/simclr_stl10_seed42/backbone_best.pt
[Epoch 062] loss=2.40996 time=58.7s
  -> best loss updated. backbone saved: outputs/simclr_stl10_seed42/backbone_best.pt
[Epoch 063] loss=2.40219 time=58.8s
  -> best loss updated. backbone saved: outputs/simclr_stl10_seed42/backbone_best.pt
[Epoch 064] loss=2.40192 time=59.2s
  -> best loss updated. backbone saved: outputs/simclr_stl10_seed42/backbone_best.pt
[Epoch 065] loss=2.39972 time=58.8s
  -> best loss updated. backbone saved: outputs/simclr_stl10_seed42/backbone_best.pt
[Epoch 066] loss=2.39645 time=59.0s
  -> best loss updated. backbone saved: outputs/simclr_stl10_seed42/backbone_best.pt
[Epoch 067] loss=2.39595 time=58.8s
  -> best loss updated. backbone saved: outputs/simclr_stl10_seed42/backbone_best.pt
[Epoch 068] loss=2.39335 time=59.1s
  -> best loss updated. backbone saved: outputs/simclr_stl10_seed42/backbone_best.pt
[Epoch 069] loss=2.38805 time=58.9s
  -> best loss updated. backbone saved: outputs/simclr_stl10_seed42/backbone_best.pt
[Epoch 070] loss=2.38488 time=59.0s
  -> best loss updated. backbone saved: outputs/simclr_stl10_seed42/backbone_best.pt
[Epoch 071] loss=2.38092 time=58.8s
  -> best loss updated. backbone saved: outputs/simclr_stl10_seed42/backbone_best.pt
[Epoch 072] loss=2.37449 time=58.8s
  -> best loss updated. backbone saved: outputs/simclr_stl10_seed42/backbone_best.pt
[Epoch 073] loss=2.37438 time=59.3s
  -> best loss updated. backbone saved: outputs/simclr_stl10_seed42/backbone_best.pt
[Epoch 074] loss=2.37270 time=58.8s
  -> best loss updated. backbone saved: outputs/simclr_stl10_seed42/backbone_best.pt
[Epoch 075] loss=2.37055 time=59.1s
  -> best loss updated. backbone saved: outputs/simclr_stl10_seed42/backbone_best.pt
  -> periodic backbone save: outputs/simclr_stl10_seed42/backbone_epoch_0075.pt
  -> eval @ epoch 075: knn_top1=76.50% linear_top1=77.19% (5.1s)
[Epoch 076] loss=2.36361 time=59.5s
  -> best loss updated. backbone saved: outputs/simclr_stl10_seed42/backbone_best.pt
[Epoch 077] loss=2.36684 time=59.2s
[Epoch 078] loss=2.36475 time=59.0s
[Epoch 079] loss=2.35688 time=59.0s
  -> best loss updated. backbone saved: outputs/simclr_stl10_seed42/backbone_best.pt
[Epoch 080] loss=2.35487 time=59.0s
  -> best loss updated. backbone saved: outputs/simclr_stl10_seed42/backbone_best.pt
[Epoch 081] loss=2.35254 time=58.7s
  -> best loss updated. backbone saved: outputs/simclr_stl10_seed42/backbone_best.pt
[Epoch 082] loss=2.35091 time=58.7s
  -> best loss updated. backbone saved: outputs/simclr_stl10_seed42/backbone_best.pt
[Epoch 083] loss=2.34994 time=58.7s
  -> best loss updated. backbone saved: outputs/simclr_stl10_seed42/backbone_best.pt
[Epoch 084] loss=2.34406 time=59.0s
  -> best loss updated. backbone saved: outputs/simclr_stl10_seed42/backbone_best.pt
[Epoch 085] loss=2.33860 time=58.9s
  -> best loss updated. backbone saved: outputs/simclr_stl10_seed42/backbone_best.pt
[Epoch 086] loss=2.33948 time=59.0s
[Epoch 087] loss=2.33702 time=59.4s
  -> best loss updated. backbone saved: outputs/simclr_stl10_seed42/backbone_best.pt
[Epoch 088] loss=2.32970 time=59.0s
  -> best loss updated. backbone saved: outputs/simclr_stl10_seed42/backbone_best.pt
[Epoch 089] loss=2.33200 time=58.7s
[Epoch 090] loss=2.32775 time=59.0s
  -> best loss updated. backbone saved: outputs/simclr_stl10_seed42/backbone_best.pt
[Epoch 091] loss=2.32457 time=59.1s
  -> best loss updated. backbone saved: outputs/simclr_stl10_seed42/backbone_best.pt
[Epoch 092] loss=2.31843 time=59.2s
  -> best loss updated. backbone saved: outputs/simclr_stl10_seed42/backbone_best.pt
[Epoch 093] loss=2.32038 time=59.2s
[Epoch 094] loss=2.31704 time=59.2s
  -> best loss updated. backbone saved: outputs/simclr_stl10_seed42/backbone_best.pt
[Epoch 095] loss=2.31038 time=59.0s
  -> best loss updated. backbone saved: outputs/simclr_stl10_seed42/backbone_best.pt
[Epoch 096] loss=2.30982 time=59.2s
  -> best loss updated. backbone saved: outputs/simclr_stl10_seed42/backbone_best.pt
[Epoch 097] loss=2.30839 time=58.8s
  -> best loss updated. backbone saved: outputs/simclr_stl10_seed42/backbone_best.pt
[Epoch 098] loss=2.30064 time=58.8s
  -> best loss updated. backbone saved: outputs/simclr_stl10_seed42/backbone_best.pt
[Epoch 099] loss=2.30259 time=59.0s
[Epoch 100] loss=2.29751 time=59.1s
  -> best loss updated. backbone saved: outputs/simclr_stl10_seed42/backbone_best.pt
  -> periodic backbone save: outputs/simclr_stl10_seed42/backbone_epoch_0100.pt
  -> eval @ epoch 100: knn_top1=78.20% linear_top1=78.09% (5.4s)
[Epoch 101] loss=2.29535 time=59.2s
  -> best loss updated. backbone saved: outputs/simclr_stl10_seed42/backbone_best.pt
[Epoch 102] loss=2.28554 time=58.7s
  -> best loss updated. backbone saved: outputs/simclr_stl10_seed42/backbone_best.pt
[Epoch 103] loss=2.29064 time=59.0s
[Epoch 104] loss=2.28457 time=58.8s
  -> best loss updated. backbone saved: outputs/simclr_stl10_seed42/backbone_best.pt
[Epoch 105] loss=2.28179 time=59.2s
  -> best loss updated. backbone saved: outputs/simclr_stl10_seed42/backbone_best.pt
[Epoch 106] loss=2.27776 time=58.9s
  -> best loss updated. backbone saved: outputs/simclr_stl10_seed42/backbone_best.pt
[Epoch 107] loss=2.27371 time=59.1s
  -> best loss updated. backbone saved: outputs/simclr_stl10_seed42/backbone_best.pt
[Epoch 108] loss=2.27596 time=58.8s
[Epoch 109] loss=2.26718 time=59.0s
  -> best loss updated. backbone saved: outputs/simclr_stl10_seed42/backbone_best.pt
[Epoch 110] loss=2.25939 time=58.7s
  -> best loss updated. backbone saved: outputs/simclr_stl10_seed42/backbone_best.pt
[Epoch 111] loss=2.25845 time=59.3s
  -> best loss updated. backbone saved: outputs/simclr_stl10_seed42/backbone_best.pt
[Epoch 112] loss=2.25964 time=59.2s
[Epoch 113] loss=2.25587 time=59.1s
  -> best loss updated. backbone saved: outputs/simclr_stl10_seed42/backbone_best.pt
[Epoch 114] loss=2.25424 time=58.7s
  -> best loss updated. backbone saved: outputs/simclr_stl10_seed42/backbone_best.pt
[Epoch 115] loss=2.24793 time=59.1s
  -> best loss updated. backbone saved: outputs/simclr_stl10_seed42/backbone_best.pt
[Epoch 116] loss=2.24427 time=58.8s
  -> best loss updated. backbone saved: outputs/simclr_stl10_seed42/backbone_best.pt
[Epoch 117] loss=2.23622 time=59.1s
  -> best loss updated. backbone saved: outputs/simclr_stl10_seed42/backbone_best.pt
[Epoch 118] loss=2.23283 time=59.3s
  -> best loss updated. backbone saved: outputs/simclr_stl10_seed42/backbone_best.pt
[Epoch 119] loss=2.23047 time=59.0s
  -> best loss updated. backbone saved: outputs/simclr_stl10_seed42/backbone_best.pt
[Epoch 120] loss=2.23087 time=59.0s
[Epoch 121] loss=2.22322 time=59.0s
  -> best loss updated. backbone saved: outputs/simclr_stl10_seed42/backbone_best.pt
[Epoch 122] loss=2.22071 time=58.7s
  -> best loss updated. backbone saved: outputs/simclr_stl10_seed42/backbone_best.pt
[Epoch 123] loss=2.21607 time=59.2s
  -> best loss updated. backbone saved: outputs/simclr_stl10_seed42/backbone_best.pt
[Epoch 124] loss=2.21516 time=59.2s
  -> best loss updated. backbone saved: outputs/simclr_stl10_seed42/backbone_best.pt
[Epoch 125] loss=2.20915 time=59.4s
  -> best loss updated. backbone saved: outputs/simclr_stl10_seed42/backbone_best.pt
  -> periodic backbone save: outputs/simclr_stl10_seed42/backbone_epoch_0125.pt
  -> eval @ epoch 125: knn_top1=80.97% linear_top1=79.94% (4.7s)
[Epoch 126] loss=2.21096 time=59.4s
[Epoch 127] loss=2.20796 time=59.0s
  -> best loss updated. backbone saved: outputs/simclr_stl10_seed42/backbone_best.pt
[Epoch 128] loss=2.20351 time=58.9s
  -> best loss updated. backbone saved: outputs/simclr_stl10_seed42/backbone_best.pt
[Epoch 129] loss=2.19486 time=58.9s
  -> best loss updated. backbone saved: outputs/simclr_stl10_seed42/backbone_best.pt
[Epoch 130] loss=2.18983 time=58.9s
  -> best loss updated. backbone saved: outputs/simclr_stl10_seed42/backbone_best.pt
[Epoch 131] loss=2.19173 time=59.1s
[Epoch 132] loss=2.18421 time=58.8s
  -> best loss updated. backbone saved: outputs/simclr_stl10_seed42/backbone_best.pt
[Epoch 133] loss=2.17870 time=59.1s
  -> best loss updated. backbone saved: outputs/simclr_stl10_seed42/backbone_best.pt
[Epoch 134] loss=2.17710 time=58.7s
  -> best loss updated. backbone saved: outputs/simclr_stl10_seed42/backbone_best.pt
[Epoch 135] loss=2.16790 time=60.2s
  -> best loss updated. backbone saved: outputs/simclr_stl10_seed42/backbone_best.pt
[Epoch 136] loss=2.16854 time=58.8s
[Epoch 137] loss=2.16278 time=59.1s
  -> best loss updated. backbone saved: outputs/simclr_stl10_seed42/backbone_best.pt
[Epoch 138] loss=2.15933 time=58.9s
  -> best loss updated. backbone saved: outputs/simclr_stl10_seed42/backbone_best.pt
[Epoch 139] loss=2.15226 time=58.7s
  -> best loss updated. backbone saved: outputs/simclr_stl10_seed42/backbone_best.pt
[Epoch 140] loss=2.15268 time=58.8s
[Epoch 141] loss=2.14550 time=58.8s
  -> best loss updated. backbone saved: outputs/simclr_stl10_seed42/backbone_best.pt
[Epoch 142] loss=2.14154 time=58.9s
  -> best loss updated. backbone saved: outputs/simclr_stl10_seed42/backbone_best.pt
[Epoch 143] loss=2.13779 time=59.5s
  -> best loss updated. backbone saved: outputs/simclr_stl10_seed42/backbone_best.pt
[Epoch 144] loss=2.13139 time=59.0s
  -> best loss updated. backbone saved: outputs/simclr_stl10_seed42/backbone_best.pt
[Epoch 145] loss=2.12699 time=59.1s
  -> best loss updated. backbone saved: outputs/simclr_stl10_seed42/backbone_best.pt
[Epoch 146] loss=2.12070 time=58.9s
  -> best loss updated. backbone saved: outputs/simclr_stl10_seed42/backbone_best.pt
[Epoch 147] loss=2.11836 time=59.3s
  -> best loss updated. backbone saved: outputs/simclr_stl10_seed42/backbone_best.pt
[Epoch 148] loss=2.11524 time=58.6s
  -> best loss updated. backbone saved: outputs/simclr_stl10_seed42/backbone_best.pt
[Epoch 149] loss=2.11157 time=58.9s
  -> best loss updated. backbone saved: outputs/simclr_stl10_seed42/backbone_best.pt
[Epoch 150] loss=2.10466 time=58.5s
  -> best loss updated. backbone saved: outputs/simclr_stl10_seed42/backbone_best.pt
  -> periodic backbone save: outputs/simclr_stl10_seed42/backbone_epoch_0150.pt
  -> eval @ epoch 150: knn_top1=83.69% linear_top1=81.69% (4.7s)
[Epoch 151] loss=2.10309 time=59.0s
  -> best loss updated. backbone saved: outputs/simclr_stl10_seed42/backbone_best.pt
[Epoch 152] loss=2.09693 time=59.6s
  -> best loss updated. backbone saved: outputs/simclr_stl10_seed42/backbone_best.pt
[Epoch 153] loss=2.08909 time=59.0s
  -> best loss updated. backbone saved: outputs/simclr_stl10_seed42/backbone_best.pt
[Epoch 154] loss=2.08684 time=58.6s
  -> best loss updated. backbone saved: outputs/simclr_stl10_seed42/backbone_best.pt
[Epoch 155] loss=2.08054 time=58.9s
  -> best loss updated. backbone saved: outputs/simclr_stl10_seed42/backbone_best.pt
[Epoch 156] loss=2.07983 time=59.1s
  -> best loss updated. backbone saved: outputs/simclr_stl10_seed42/backbone_best.pt
[Epoch 157] loss=2.06784 time=59.0s
  -> best loss updated. backbone saved: outputs/simclr_stl10_seed42/backbone_best.pt
[Epoch 158] loss=2.06649 time=59.0s
  -> best loss updated. backbone saved: outputs/simclr_stl10_seed42/backbone_best.pt
[Epoch 159] loss=2.06166 time=58.7s
  -> best loss updated. backbone saved: outputs/simclr_stl10_seed42/backbone_best.pt
[Epoch 160] loss=2.05740 time=58.7s
  -> best loss updated. backbone saved: outputs/simclr_stl10_seed42/backbone_best.pt
[Epoch 161] loss=2.05417 time=58.7s
  -> best loss updated. backbone saved: outputs/simclr_stl10_seed42/backbone_best.pt
[Epoch 162] loss=2.04697 time=58.4s
  -> best loss updated. backbone saved: outputs/simclr_stl10_seed42/backbone_best.pt
[Epoch 163] loss=2.04011 time=58.8s
  -> best loss updated. backbone saved: outputs/simclr_stl10_seed42/backbone_best.pt
[Epoch 164] loss=2.03632 time=58.9s
  -> best loss updated. backbone saved: outputs/simclr_stl10_seed42/backbone_best.pt
[Epoch 165] loss=2.03478 time=59.1s
  -> best loss updated. backbone saved: outputs/simclr_stl10_seed42/backbone_best.pt
[Epoch 166] loss=2.02864 time=58.7s
  -> best loss updated. backbone saved: outputs/simclr_stl10_seed42/backbone_best.pt
[Epoch 167] loss=2.02184 time=58.9s
  -> best loss updated. backbone saved: outputs/simclr_stl10_seed42/backbone_best.pt
[Epoch 168] loss=2.01720 time=59.0s
  -> best loss updated. backbone saved: outputs/simclr_stl10_seed42/backbone_best.pt
[Epoch 169] loss=2.01253 time=59.0s
  -> best loss updated. backbone saved: outputs/simclr_stl10_seed42/backbone_best.pt
[Epoch 170] loss=2.00293 time=59.4s
  -> best loss updated. backbone saved: outputs/simclr_stl10_seed42/backbone_best.pt
[Epoch 171] loss=2.00098 time=58.4s
  -> best loss updated. backbone saved: outputs/simclr_stl10_seed42/backbone_best.pt
[Epoch 172] loss=1.99572 time=58.9s
  -> best loss updated. backbone saved: outputs/simclr_stl10_seed42/backbone_best.pt
[Epoch 173] loss=1.98987 time=58.7s
  -> best loss updated. backbone saved: outputs/simclr_stl10_seed42/backbone_best.pt
[Epoch 174] loss=1.98686 time=59.0s
  -> best loss updated. backbone saved: outputs/simclr_stl10_seed42/backbone_best.pt
[Epoch 175] loss=1.98215 time=58.8s
  -> best loss updated. backbone saved: outputs/simclr_stl10_seed42/backbone_best.pt
  -> periodic backbone save: outputs/simclr_stl10_seed42/backbone_epoch_0175.pt
  -> eval @ epoch 175: knn_top1=86.14% linear_top1=84.08% (4.8s)
[Epoch 176] loss=1.97752 time=59.0s
  -> best loss updated. backbone saved: outputs/simclr_stl10_seed42/backbone_best.pt
[Epoch 177] loss=1.97430 time=58.7s
  -> best loss updated. backbone saved: outputs/simclr_stl10_seed42/backbone_best.pt
[Epoch 178] loss=1.96854 time=59.2s
  -> best loss updated. backbone saved: outputs/simclr_stl10_seed42/backbone_best.pt
[Epoch 179] loss=1.96170 time=58.9s
  -> best loss updated. backbone saved: outputs/simclr_stl10_seed42/backbone_best.pt
[Epoch 180] loss=1.96118 time=59.3s
  -> best loss updated. backbone saved: outputs/simclr_stl10_seed42/backbone_best.pt
[Epoch 181] loss=1.95639 time=59.1s
  -> best loss updated. backbone saved: outputs/simclr_stl10_seed42/backbone_best.pt
[Epoch 182] loss=1.95133 time=59.0s
  -> best loss updated. backbone saved: outputs/simclr_stl10_seed42/backbone_best.pt
[Epoch 183] loss=1.94665 time=59.1s
  -> best loss updated. backbone saved: outputs/simclr_stl10_seed42/backbone_best.pt
[Epoch 184] loss=1.94404 time=58.6s
  -> best loss updated. backbone saved: outputs/simclr_stl10_seed42/backbone_best.pt
[Epoch 185] loss=1.94190 time=58.9s
  -> best loss updated. backbone saved: outputs/simclr_stl10_seed42/backbone_best.pt
[Epoch 186] loss=1.93616 time=58.7s
  -> best loss updated. backbone saved: outputs/simclr_stl10_seed42/backbone_best.pt
[Epoch 187] loss=1.93325 time=58.9s
  -> best loss updated. backbone saved: outputs/simclr_stl10_seed42/backbone_best.pt
[Epoch 188] loss=1.93142 time=59.1s
  -> best loss updated. backbone saved: outputs/simclr_stl10_seed42/backbone_best.pt
[Epoch 189] loss=1.93048 time=59.2s
  -> best loss updated. backbone saved: outputs/simclr_stl10_seed42/backbone_best.pt
[Epoch 190] loss=1.92616 time=59.2s
  -> best loss updated. backbone saved: outputs/simclr_stl10_seed42/backbone_best.pt
[Epoch 191] loss=1.92423 time=58.7s
  -> best loss updated. backbone saved: outputs/simclr_stl10_seed42/backbone_best.pt
[Epoch 192] loss=1.92125 time=58.9s
  -> best loss updated. backbone saved: outputs/simclr_stl10_seed42/backbone_best.pt
[Epoch 193] loss=1.92247 time=58.7s
[Epoch 194] loss=1.92294 time=58.9s
[Epoch 195] loss=1.91869 time=59.1s
  -> best loss updated. backbone saved: outputs/simclr_stl10_seed42/backbone_best.pt
[Epoch 196] loss=1.91857 time=59.1s
  -> best loss updated. backbone saved: outputs/simclr_stl10_seed42/backbone_best.pt
[Epoch 197] loss=1.91895 time=59.3s
[Epoch 198] loss=1.91886 time=58.8s
[Epoch 199] loss=1.91729 time=58.8s
  -> best loss updated. backbone saved: outputs/simclr_stl10_seed42/backbone_best.pt
[Epoch 200] loss=1.91631 time=58.7s
  -> best loss updated. backbone saved: outputs/simclr_stl10_seed42/backbone_best.pt
  -> periodic backbone save: outputs/simclr_stl10_seed42/backbone_epoch_0200.pt
  -> eval @ epoch 200: knn_top1=86.49% linear_top1=84.75% (4.7s)
Training finished in 3.34h. Best loss=1.91631
